******************************************************************************
                  TI ARM Linker PC v5.2.5                      
******************************************************************************
>> Linked Thu Feb 11 17:33:54 2016

OUTPUT FILE NAME:   <Loop.out>
ENTRY POINT SYMBOL: "_c_int00"  address: 00000de9


MEMORY CONFIGURATION

         name            origin    length      used     unused   attr    fill
----------------------  --------  ---------  --------  --------  ----  --------
  FLASH                 00000000   00040000  00001324  0003ecdc  R  X
  SRAM                  20000000   00008000  00000220  00007de0  RW X


SEGMENT ALLOCATION MAP

run origin  load origin   length   init length attrs members
----------  ----------- ---------- ----------- ----- -------
00000000    00000000    00001328   00001328    r-x
  00000000    00000000    0000026c   0000026c    r-- .intvecs
  0000026c    0000026c    00000f10   00000f10    r-x .text
  0000117c    0000117c    00000170   00000170    r-- .const
  000012f0    000012f0    00000038   00000038    r-- .cinit
20000000    20000000    00000220   00000000    rw-
  20000000    20000000    00000200   00000000    rw- .stack
  20000200    20000200    00000014   00000000    rw- .data
  20000214    20000214    0000000c   00000000    rw- .bss


SECTION ALLOCATION MAP

 output                                  attributes/
section   page    origin      length       input sections
--------  ----  ----------  ----------   ----------------
.intvecs   0    00000000    0000026c     
                  00000000    0000026c     tm4c123gh6pm_startup_ccs.obj (.intvecs)

.text      0    0000026c    00000f10     
                  0000026c    0000020c     Loop.obj (.text)
                  00000478    000001b6     rtsv7M4_T_le_v4SPD16_eabi.lib : fd_add_t2.obj (.text)
                  0000062e    00000132     driverlib.lib : gpio.obj (.text:GPIOPadConfigSet)
                  00000760    00000110                   : sysctl.obj (.text:SysCtlClockGet)
                  00000870    000000fc     rtsv7M4_T_le_v4SPD16_eabi.lib : fd_mul_t2.obj (.text)
                  0000096c    000000f4     driverlib.lib : sysctl.obj (.text:SysCtlClockSet)
                  00000a60    0000009c     rtsv7M4_T_le_v4SPD16_eabi.lib : memcpy_t2.obj (.text)
                  00000afc    0000007a     driverlib.lib : adc.obj (.text:ADCSequenceStepConfigure)
                  00000b76    0000007a     rtsv7M4_T_le_v4SPD16_eabi.lib : memset_t2.obj (.text)
                  00000bf0    0000006c                                   : autoinit.obj (.text)
                  00000c5c    0000006a                                   : copy_decompress_rle.obj (.text)
                  00000cc6    00000002     --HOLE-- [fill = 0]
                  00000cc8    00000068     driverlib.lib : interrupt.obj (.text:IntEnable)
                  00000d30    00000060                   : timer.obj (.text:TimerConfigure)
                  00000d90    00000058                   : adc.obj (.text:ADCSequenceConfigure)
                  00000de8    00000050     rtsv7M4_T_le_v4SPD16_eabi.lib : boot.obj (.text)
                  00000e38    0000004c                                   : cpy_tbl.obj (.text)
                  00000e84    00000048     driverlib.lib : gpio.obj (.text:GPIOPinConfigure)
                  00000ecc    00000044     rtsv7M4_T_le_v4SPD16_eabi.lib : exit.obj (.text)
                  00000f10    00000044                                   : fd_tou_t2.obj (.text)
                  00000f54    0000003c     driverlib.lib : ssi.obj (.text:SSIConfigSetExpClk)
                  00000f90    00000034                   : sysctl.obj (.text:SysCtlPeripheralEnable)
                  00000fc4    0000002e                   : adc.obj (.text:ADCIntStatus)
                  00000ff2    0000002a                   : gpio.obj (.text:GPIODirModeSet)
                  0000101c    00000020     rtsv7M4_T_le_v4SPD16_eabi.lib : u_tofd_t2.obj (.text)
                  0000103c    0000001e     driverlib.lib : adc.obj (.text:ADCSequenceDataGet)
                  0000105a    00000018                   : adc.obj (.text:ADCProcessorTrigger)
                  00001072    00000018                   : gpio.obj (.text:GPIOPinTypeGPIOOutput)
                  0000108a    00000002     --HOLE-- [fill = 0]
                  0000108c    00000018     rtsv7M4_T_le_v4SPD16_eabi.lib : args_main.obj (.text)
                  000010a4    00000014                                   : _lock.obj (.text)
                  000010b8    00000012     driverlib.lib : gpio.obj (.text:GPIOPinTypeSSI)
                  000010ca    00000012                   : timer.obj (.text:TimerLoadSet)
                  000010dc    00000010                   : interrupt.obj (.text:IntMasterEnable)
                  000010ec    0000000e                   : adc.obj (.text:ADCSequenceEnable)
                  000010fa    0000000e                   : timer.obj (.text:TimerEnable)
                  00001108    0000000e     rtsv7M4_T_le_v4SPD16_eabi.lib : copy_decompress_none.obj (.text:decompress:none)
                  00001116    0000000c     driverlib.lib : cpu.obj (.text:CPUcpsie)
                  00001122    0000000c     rtsv7M4_T_le_v4SPD16_eabi.lib : copy_zero_init.obj (.text:decompress:ZI)
                  0000112e    0000000c     tm4c123gh6pm_startup_ccs.obj (.text)
                  0000113a    0000000a     driverlib.lib : adc.obj (.text:ADCIntClear)
                  00001144    0000000a                   : ssi.obj (.text:SSIDataPut)
                  0000114e    0000000a                   : ssi.obj (.text:SSIEnable)
                  00001158    00000008                   : ssi.obj (.text:SSIBusy)
                  00001160    00000008                   : timer.obj (.text:TimerIntEnable)
                  00001168    00000006                   : sysctl.obj (.text:SysCtlDelay)
                  0000116e    00000006     rtsv7M4_T_le_v4SPD16_eabi.lib : copy_decompress_rle.obj (.text:decompress:rle24)
                  00001174    00000004     driverlib.lib : timer.obj (.text:TimerIntClear)
                  00001178    00000004     rtsv7M4_T_le_v4SPD16_eabi.lib : pre_init.obj (.text)

.const     0    0000117c    00000170     
                  0000117c    00000090     driverlib.lib : gpio.obj (.const:g_pui32GPIOBaseAddrs)
                  0000120c    00000070                   : interrupt.obj (.const)
                  0000127c    0000006c                   : sysctl.obj (.const:g_pui32Xtals)
                  000012e8    00000004     Loop.obj (.const)

.cinit     0    000012f0    00000038     
                  000012f0    0000000f     (.cinit..data.load) [load image, compression = rle]
                  000012ff    00000001     --HOLE-- [fill = 0]
                  00001300    0000000c     (__TI_handler_table)
                  0000130c    00000004     --HOLE-- [fill = 0]
                  00001310    00000008     (.cinit..bss.load) [load image, compression = zero_init]
                  00001318    00000010     (__TI_cinit_table)

.init_array 
*          0    00000000    00000000     UNINITIALIZED

.stack     0    20000000    00000200     UNINITIALIZED
                  20000000    00000200     --HOLE--

.data      0    20000200    00000014     UNINITIALIZED
                  20000200    00000008     rtsv7M4_T_le_v4SPD16_eabi.lib : _lock.obj (.data)
                  20000208    00000008                                   : exit.obj (.data)
                  20000210    00000004                                   : stkdepth_vars.obj (.data)

.bss       0    20000214    0000000c     UNINITIALIZED
                  20000214    0000000c     (.common:y)

.TI.persistent 
*          0    20000200    00000000     UNINITIALIZED

.TI.noinit 
*          0    20000214    00000000     UNINITIALIZED


LINKER GENERATED COPY TABLES

__TI_cinit_table @ 00001318 records: 2, size/record: 8, table size: 16
	.data: load addr=000012f0, load size=0000000f bytes, run addr=20000200, run size=00000014 bytes, compression=rle
	.bss: load addr=00001310, load size=00000008 bytes, run addr=20000214, run size=0000000c bytes, compression=zero_init


LINKER GENERATED HANDLER TABLE

__TI_handler_table @ 00001300 records: 3, size/record: 4, table size: 12
	index: 0, handler: __TI_decompress_rle24
	index: 1, handler: __TI_decompress_none
	index: 2, handler: __TI_zero_init


GLOBAL SYMBOLS: SORTED ALPHABETICALLY BY Name 

address   name                    
-------   ----                    
00000429  ADC0IntHandler          
0000113b  ADCIntClear             
00000fc5  ADCIntStatus            
0000105b  ADCProcessorTrigger     
00000d91  ADCSequenceConfigure    
0000103d  ADCSequenceDataGet      
000010ed  ADCSequenceEnable       
00000afd  ADCSequenceStepConfigure
00000ecd  C$$EXIT                 
00001117  CPUcpsie                
00000ff3  GPIODirModeSet          
0000062f  GPIOPadConfigSet        
00000e85  GPIOPinConfigure        
00001073  GPIOPinTypeGPIOOutput   
000010b9  GPIOPinTypeSSI          
00000cc9  IntEnable               
000010dd  IntMasterEnable         
0000112f  ResetISR                
UNDEFED   SHT$$INIT_ARRAY$$Base   
UNDEFED   SHT$$INIT_ARRAY$$Limit  
00001159  SSIBusy                 
00000f55  SSIConfigSetExpClk      
00001145  SSIDataPut              
0000114f  SSIEnable               
00000761  SysCtlClockGet          
0000096d  SysCtlClockSet          
00001169  SysCtlDelay             
00000f91  SysCtlPeripheralEnable  
00000375  Timer0IntHandler        
00000d31  TimerConfigure          
000010fb  TimerEnable             
00001175  TimerIntClear           
00001161  TimerIntEnable          
000010cb  TimerLoadSet            
20000200  __STACK_END             
00000200  __STACK_SIZE            
20000200  __STACK_TOP             
00001318  __TI_CINIT_Base         
00001328  __TI_CINIT_Limit        
00001300  __TI_Handler_Table_Base 
0000130c  __TI_Handler_Table_Limit
00000bf1  __TI_auto_init          
20000208  __TI_cleanup_ptr        
00001109  __TI_decompress_none    
0000116f  __TI_decompress_rle24   
2000020c  __TI_dtors_ptr          
00000000  __TI_static_base__      
00001123  __TI_zero_init          
00000f11  __aeabi_d2uiz           
00000483  __aeabi_dadd            
00000871  __aeabi_dmul            
00000479  __aeabi_dsub            
00000b77  __aeabi_memclr          
00000b77  __aeabi_memclr4         
00000b77  __aeabi_memclr8         
00000a61  __aeabi_memcpy          
00000a61  __aeabi_memcpy4         
00000a61  __aeabi_memcpy8         
00000b79  __aeabi_memset          
00000b79  __aeabi_memset4         
00000b79  __aeabi_memset8         
0000101d  __aeabi_ui2d            
ffffffff  __binit__               
ffffffff  __c_args__              
20000000  __stack                 
0000108d  _args_main              
00000de9  _c_int00                
20000200  _lock                   
000010b3  _nop                    
000010ab  _register_lock          
000010a5  _register_unlock        
00001179  _system_pre_init        
20000204  _unlock                 
00000ed1  abort                   
ffffffff  binit                   
00000e39  copy_in                 
0000026d  envia                   
00000ed9  exit                    
00000000  g_pfnVectors            
00000285  main                    
20000210  main_func_sp            
00000a61  memcpy                  
00000b7f  memset                  
000012e8  sampleFreq              
20000214  y                       


GLOBAL SYMBOLS: SORTED BY Symbol Address 

address   name                    
-------   ----                    
00000000  __TI_static_base__      
00000000  g_pfnVectors            
00000200  __STACK_SIZE            
0000026d  envia                   
00000285  main                    
00000375  Timer0IntHandler        
00000429  ADC0IntHandler          
00000479  __aeabi_dsub            
00000483  __aeabi_dadd            
0000062f  GPIOPadConfigSet        
00000761  SysCtlClockGet          
00000871  __aeabi_dmul            
0000096d  SysCtlClockSet          
00000a61  __aeabi_memcpy          
00000a61  __aeabi_memcpy4         
00000a61  __aeabi_memcpy8         
00000a61  memcpy                  
00000afd  ADCSequenceStepConfigure
00000b77  __aeabi_memclr          
00000b77  __aeabi_memclr4         
00000b77  __aeabi_memclr8         
00000b79  __aeabi_memset          
00000b79  __aeabi_memset4         
00000b79  __aeabi_memset8         
00000b7f  memset                  
00000bf1  __TI_auto_init          
00000cc9  IntEnable               
00000d31  TimerConfigure          
00000d91  ADCSequenceConfigure    
00000de9  _c_int00                
00000e39  copy_in                 
00000e85  GPIOPinConfigure        
00000ecd  C$$EXIT                 
00000ed1  abort                   
00000ed9  exit                    
00000f11  __aeabi_d2uiz           
00000f55  SSIConfigSetExpClk      
00000f91  SysCtlPeripheralEnable  
00000fc5  ADCIntStatus            
00000ff3  GPIODirModeSet          
0000101d  __aeabi_ui2d            
0000103d  ADCSequenceDataGet      
0000105b  ADCProcessorTrigger     
00001073  GPIOPinTypeGPIOOutput   
0000108d  _args_main              
000010a5  _register_unlock        
000010ab  _register_lock          
000010b3  _nop                    
000010b9  GPIOPinTypeSSI          
000010cb  TimerLoadSet            
000010dd  IntMasterEnable         
000010ed  ADCSequenceEnable       
000010fb  TimerEnable             
00001109  __TI_decompress_none    
00001117  CPUcpsie                
00001123  __TI_zero_init          
0000112f  ResetISR                
0000113b  ADCIntClear             
00001145  SSIDataPut              
0000114f  SSIEnable               
00001159  SSIBusy                 
00001161  TimerIntEnable          
00001169  SysCtlDelay             
0000116f  __TI_decompress_rle24   
00001175  TimerIntClear           
00001179  _system_pre_init        
000012e8  sampleFreq              
00001300  __TI_Handler_Table_Base 
0000130c  __TI_Handler_Table_Limit
00001318  __TI_CINIT_Base         
00001328  __TI_CINIT_Limit        
20000000  __stack                 
20000200  __STACK_END             
20000200  __STACK_TOP             
20000200  _lock                   
20000204  _unlock                 
20000208  __TI_cleanup_ptr        
2000020c  __TI_dtors_ptr          
20000210  main_func_sp            
20000214  y                       
ffffffff  __binit__               
ffffffff  __c_args__              
ffffffff  binit                   
UNDEFED   SHT$$INIT_ARRAY$$Base   
UNDEFED   SHT$$INIT_ARRAY$$Limit  

[85 symbols]
