******************************************************************************
                  TI ARM Linker PC v5.2.5                      
******************************************************************************
>> Linked Tue Apr 24 00:11:08 2018

OUTPUT FILE NAME:   <Muestreador.out>
ENTRY POINT SYMBOL: "_c_int00"  address: 00000cdd


MEMORY CONFIGURATION

         name            origin    length      used     unused   attr    fill
----------------------  --------  ---------  --------  --------  ----  --------
  FLASH                 00000000   00040000  000010f2  0003ef0e  R  X
  SRAM                  20000000   00008000  00000238  00007dc8  RW X


SEGMENT ALLOCATION MAP

run origin  load origin   length   init length attrs members
----------  ----------- ---------- ----------- ----- -------
00000000    00000000    000010f8   000010f8    r-x
  00000000    00000000    0000026c   0000026c    r-- .intvecs
  0000026c    0000026c    00000d6e   00000d6e    r-x .text
  00000fdc    00000fdc    000000e0   000000e0    r-- .const
  000010c0    000010c0    00000038   00000038    r-- .cinit
20000000    20000000    00000238   00000000    rw-
  20000000    20000000    00000200   00000000    rw- .stack
  20000200    20000200    00000024   00000000    rw- .bss
  20000224    20000224    00000014   00000000    rw- .data


SECTION ALLOCATION MAP

 output                                  attributes/
section   page    origin      length       input sections
--------  ----  ----------  ----------   ----------------
.intvecs   0    00000000    0000026c     
                  00000000    0000026c     tm4c123gh6pm_startup_ccs.obj (.intvecs)

.text      0    0000026c    00000d6e     
                  0000026c    00000180     muestreador.obj (.text)
                  000003ec    00000136     rtsv7M4_T_le_v4SPD16_eabi.lib : fd_div_t2.obj (.text)
                  00000522    00000132     driverlib.lib : gpio.obj (.text:GPIOPadConfigSet)
                  00000654    00000110                   : sysctl.obj (.text:SysCtlClockGet)
                  00000764    000000fc     rtsv7M4_T_le_v4SPD16_eabi.lib : fd_mul_t2.obj (.text)
                  00000860    000000f4     driverlib.lib : sysctl.obj (.text:SysCtlClockSet)
                  00000954    0000009c     rtsv7M4_T_le_v4SPD16_eabi.lib : memcpy_t2.obj (.text)
                  000009f0    0000007a     driverlib.lib : adc.obj (.text:ADCSequenceStepConfigure)
                  00000a6a    0000007a     rtsv7M4_T_le_v4SPD16_eabi.lib : memset_t2.obj (.text)
                  00000ae4    0000006c                                   : autoinit.obj (.text)
                  00000b50    0000006a                                   : copy_decompress_rle.obj (.text)
                  00000bba    00000002     --HOLE-- [fill = 0]
                  00000bbc    00000068     driverlib.lib : interrupt.obj (.text:IntEnable)
                  00000c24    00000060                   : timer.obj (.text:TimerConfigure)
                  00000c84    00000058                   : adc.obj (.text:ADCSequenceConfigure)
                  00000cdc    00000050     rtsv7M4_T_le_v4SPD16_eabi.lib : boot.obj (.text)
                  00000d2c    0000004c                                   : cpy_tbl.obj (.text)
                  00000d78    00000048                                   : fd_tos_t2.obj (.text)
                  00000dc0    00000044                                   : exit.obj (.text)
                  00000e04    00000038                                   : fs_tod_t2.obj (.text)
                  00000e3c    00000034     driverlib.lib : sysctl.obj (.text:SysCtlPeripheralEnable)
                  00000e70    0000002e                   : adc.obj (.text:ADCIntStatus)
                  00000e9e    0000002a                   : gpio.obj (.text:GPIODirModeSet)
                  00000ec8    0000001e                   : adc.obj (.text:ADCSequenceDataGet)
                  00000ee6    00000018                   : adc.obj (.text:ADCProcessorTrigger)
                  00000efe    00000018                   : gpio.obj (.text:GPIOPinTypeGPIOOutput)
                  00000f16    00000002     --HOLE-- [fill = 0]
                  00000f18    00000018     rtsv7M4_T_le_v4SPD16_eabi.lib : args_main.obj (.text)
                  00000f30    00000014                                   : _lock.obj (.text)
                  00000f44    00000012     driverlib.lib : timer.obj (.text:TimerLoadSet)
                  00000f56    00000010                   : interrupt.obj (.text:IntMasterEnable)
                  00000f66    0000000e                   : adc.obj (.text:ADCSequenceEnable)
                  00000f74    0000000e                   : timer.obj (.text:TimerEnable)
                  00000f82    0000000e     rtsv7M4_T_le_v4SPD16_eabi.lib : copy_decompress_none.obj (.text:decompress:none)
                  00000f90    0000000c     driverlib.lib : cpu.obj (.text:CPUcpsie)
                  00000f9c    0000000c     rtsv7M4_T_le_v4SPD16_eabi.lib : copy_zero_init.obj (.text:decompress:ZI)
                  00000fa8    0000000c     tm4c123gh6pm_startup_ccs.obj (.text)
                  00000fb4    0000000a     driverlib.lib : adc.obj (.text:ADCIntClear)
                  00000fbe    00000008                   : timer.obj (.text:TimerIntEnable)
                  00000fc6    00000006                   : sysctl.obj (.text:SysCtlDelay)
                  00000fcc    00000006     rtsv7M4_T_le_v4SPD16_eabi.lib : copy_decompress_rle.obj (.text:decompress:rle24)
                  00000fd2    00000004     driverlib.lib : timer.obj (.text:TimerIntClear)
                  00000fd6    00000004     rtsv7M4_T_le_v4SPD16_eabi.lib : pre_init.obj (.text)

.const     0    00000fdc    000000e0     
                  00000fdc    00000070     driverlib.lib : interrupt.obj (.const)
                  0000104c    0000006c                   : sysctl.obj (.const:g_pui32Xtals)
                  000010b8    00000004     muestreador.obj (.const)

.cinit     0    000010c0    00000038     
                  000010c0    0000000f     (.cinit..data.load) [load image, compression = rle]
                  000010cf    00000001     --HOLE-- [fill = 0]
                  000010d0    0000000c     (__TI_handler_table)
                  000010dc    00000004     --HOLE-- [fill = 0]
                  000010e0    00000008     (.cinit..bss.load) [load image, compression = zero_init]
                  000010e8    00000010     (__TI_cinit_table)

.init_array 
*          0    00000000    00000000     UNINITIALIZED

.stack     0    20000000    00000200     UNINITIALIZED
                  20000000    00000200     --HOLE--

.bss       0    20000200    00000024     UNINITIALIZED
                  20000200    00000010     (.common:ui32ADC0Value)
                  20000210    0000000c     (.common:y)
                  2000021c    00000004     (.common:ui32TempAvg)
                  20000220    00000004     (.common:ui32Valor)

.TI.noinit 
*          0    20000200    00000000     UNINITIALIZED

.data      0    20000224    00000014     UNINITIALIZED
                  20000224    00000008     rtsv7M4_T_le_v4SPD16_eabi.lib : _lock.obj (.data)
                  2000022c    00000008                                   : exit.obj (.data)
                  20000234    00000004                                   : stkdepth_vars.obj (.data)

.TI.persistent 
*          0    20000224    00000000     UNINITIALIZED


LINKER GENERATED COPY TABLES

__TI_cinit_table @ 000010e8 records: 2, size/record: 8, table size: 16
	.data: load addr=000010c0, load size=0000000f bytes, run addr=20000224, run size=00000014 bytes, compression=rle
	.bss: load addr=000010e0, load size=00000008 bytes, run addr=20000200, run size=00000024 bytes, compression=zero_init


LINKER GENERATED HANDLER TABLE

__TI_handler_table @ 000010d0 records: 3, size/record: 4, table size: 12
	index: 0, handler: __TI_decompress_rle24
	index: 1, handler: __TI_decompress_none
	index: 2, handler: __TI_zero_init


GLOBAL SYMBOLS: SORTED ALPHABETICALLY BY Name 

address   name                    
-------   ----                    
0000039b  ADC0IntHandler          
00000fb5  ADCIntClear             
00000e71  ADCIntStatus            
00000ee7  ADCProcessorTrigger     
00000c85  ADCSequenceConfigure    
00000ec9  ADCSequenceDataGet      
00000f67  ADCSequenceEnable       
000009f1  ADCSequenceStepConfigure
00000dc1  C$$EXIT                 
00000f91  CPUcpsie                
00000e9f  GPIODirModeSet          
00000523  GPIOPadConfigSet        
00000eff  GPIOPinTypeGPIOOutput   
00000bbd  IntEnable               
00000f57  IntMasterEnable         
00000fa9  ResetISR                
UNDEFED   SHT$$INIT_ARRAY$$Base   
UNDEFED   SHT$$INIT_ARRAY$$Limit  
00000655  SysCtlClockGet          
00000861  SysCtlClockSet          
00000fc7  SysCtlDelay             
00000e3d  SysCtlPeripheralEnable  
00000317  Timer0IntHandler        
00000c25  TimerConfigure          
00000f75  TimerEnable             
00000fd3  TimerIntClear           
00000fbf  TimerIntEnable          
00000f45  TimerLoadSet            
20000200  __STACK_END             
00000200  __STACK_SIZE            
20000200  __STACK_TOP             
000010e8  __TI_CINIT_Base         
000010f8  __TI_CINIT_Limit        
000010d0  __TI_Handler_Table_Base 
000010dc  __TI_Handler_Table_Limit
00000ae5  __TI_auto_init          
2000022c  __TI_cleanup_ptr        
00000f83  __TI_decompress_none    
00000fcd  __TI_decompress_rle24   
20000230  __TI_dtors_ptr          
00000000  __TI_static_base__      
00000f9d  __TI_zero_init          
00000d79  __aeabi_d2f             
000003ed  __aeabi_ddiv            
00000765  __aeabi_dmul            
00000e05  __aeabi_f2d             
00000a6b  __aeabi_memclr          
00000a6b  __aeabi_memclr4         
00000a6b  __aeabi_memclr8         
00000955  __aeabi_memcpy          
00000955  __aeabi_memcpy4         
00000955  __aeabi_memcpy8         
00000a6d  __aeabi_memset          
00000a6d  __aeabi_memset4         
00000a6d  __aeabi_memset8         
ffffffff  __binit__               
ffffffff  __c_args__              
20000000  __stack                 
00000f19  _args_main              
00000cdd  _c_int00                
20000224  _lock                   
00000f3f  _nop                    
00000f37  _register_lock          
00000f31  _register_unlock        
00000fd7  _system_pre_init        
20000228  _unlock                 
00000dc5  abort                   
ffffffff  binit                   
00000d2d  copy_in                 
00000dcd  exit                    
00000000  g_pfnVectors            
0000026d  main                    
20000234  main_func_sp            
00000955  memcpy                  
00000a73  memset                  
000010b8  sampleFreq              
20000200  ui32ADC0Value           
2000021c  ui32TempAvg             
20000220  ui32Valor               
20000210  y                       


GLOBAL SYMBOLS: SORTED BY Symbol Address 

address   name                    
-------   ----                    
00000000  __TI_static_base__      
00000000  g_pfnVectors            
00000200  __STACK_SIZE            
0000026d  main                    
00000317  Timer0IntHandler        
0000039b  ADC0IntHandler          
000003ed  __aeabi_ddiv            
00000523  GPIOPadConfigSet        
00000655  SysCtlClockGet          
00000765  __aeabi_dmul            
00000861  SysCtlClockSet          
00000955  __aeabi_memcpy          
00000955  __aeabi_memcpy4         
00000955  __aeabi_memcpy8         
00000955  memcpy                  
000009f1  ADCSequenceStepConfigure
00000a6b  __aeabi_memclr          
00000a6b  __aeabi_memclr4         
00000a6b  __aeabi_memclr8         
00000a6d  __aeabi_memset          
00000a6d  __aeabi_memset4         
00000a6d  __aeabi_memset8         
00000a73  memset                  
00000ae5  __TI_auto_init          
00000bbd  IntEnable               
00000c25  TimerConfigure          
00000c85  ADCSequenceConfigure    
00000cdd  _c_int00                
00000d2d  copy_in                 
00000d79  __aeabi_d2f             
00000dc1  C$$EXIT                 
00000dc5  abort                   
00000dcd  exit                    
00000e05  __aeabi_f2d             
00000e3d  SysCtlPeripheralEnable  
00000e71  ADCIntStatus            
00000e9f  GPIODirModeSet          
00000ec9  ADCSequenceDataGet      
00000ee7  ADCProcessorTrigger     
00000eff  GPIOPinTypeGPIOOutput   
00000f19  _args_main              
00000f31  _register_unlock        
00000f37  _register_lock          
00000f3f  _nop                    
00000f45  TimerLoadSet            
00000f57  IntMasterEnable         
00000f67  ADCSequenceEnable       
00000f75  TimerEnable             
00000f83  __TI_decompress_none    
00000f91  CPUcpsie                
00000f9d  __TI_zero_init          
00000fa9  ResetISR                
00000fb5  ADCIntClear             
00000fbf  TimerIntEnable          
00000fc7  SysCtlDelay             
00000fcd  __TI_decompress_rle24   
00000fd3  TimerIntClear           
00000fd7  _system_pre_init        
000010b8  sampleFreq              
000010d0  __TI_Handler_Table_Base 
000010dc  __TI_Handler_Table_Limit
000010e8  __TI_CINIT_Base         
000010f8  __TI_CINIT_Limit        
20000000  __stack                 
20000200  __STACK_END             
20000200  __STACK_TOP             
20000200  ui32ADC0Value           
20000210  y                       
2000021c  ui32TempAvg             
20000220  ui32Valor               
20000224  _lock                   
20000228  _unlock                 
2000022c  __TI_cleanup_ptr        
20000230  __TI_dtors_ptr          
20000234  main_func_sp            
ffffffff  __binit__               
ffffffff  __c_args__              
ffffffff  binit                   
UNDEFED   SHT$$INIT_ARRAY$$Base   
UNDEFED   SHT$$INIT_ARRAY$$Limit  

[80 symbols]
