******************************************************************************
                  TI ARM Linker PC v5.2.5                      
******************************************************************************
>> Linked Mon Mar 19 14:59:42 2018

OUTPUT FILE NAME:   <Timer.out>
ENTRY POINT SYMBOL: "_c_int00"  address: 000008f5


MEMORY CONFIGURATION

         name            origin    length      used     unused   attr    fill
----------------------  --------  ---------  --------  --------  ----  --------
  FLASH                 00000000   00040000  00000bf2  0003f40e  R  X
  SRAM                  20000000   00008000  00000214  00007dec  RW X


SEGMENT ALLOCATION MAP

run origin  load origin   length   init length attrs members
----------  ----------- ---------- ----------- ----- -------
00000000    00000000    00000bf8   00000bf8    r-x
  00000000    00000000    0000026c   0000026c    r-- .intvecs
  0000026c    0000026c    0000088a   0000088a    r-x .text
  00000af8    00000af8    000000dc   000000dc    r-- .const
  00000bd8    00000bd8    00000020   00000020    r-- .cinit
20000000    20000000    00000214   00000000    rw-
  20000000    20000000    00000200   00000000    rw- .stack
  20000200    20000200    00000014   00000000    rw- .data


SECTION ALLOCATION MAP

 output                                  attributes/
section   page    origin      length       input sections
--------  ----  ----------  ----------   ----------------
.intvecs   0    00000000    0000026c     
                  00000000    0000026c     tm4c123gh6pm_startup_ccs.obj (.intvecs)

.text      0    0000026c    0000088a     
                  0000026c    00000132     driverlib.lib : gpio.obj (.text:GPIOPadConfigSet)
                  0000039e    00000002     --HOLE-- [fill = 0]
                  000003a0    00000110                   : sysctl.obj (.text:SysCtlClockGet)
                  000004b0    000000f4                   : sysctl.obj (.text:SysCtlClockSet)
                  000005a4    0000009c     rtsv7M4_T_le_v4SPD16_eabi.lib : memcpy_t2.obj (.text)
                  00000640    00000098     main.obj (.text)
                  000006d8    0000007a     rtsv7M4_T_le_v4SPD16_eabi.lib : memset_t2.obj (.text)
                  00000752    00000002     --HOLE-- [fill = 0]
                  00000754    0000006c                                   : autoinit.obj (.text)
                  000007c0    0000006a                                   : copy_decompress_rle.obj (.text)
                  0000082a    00000002     --HOLE-- [fill = 0]
                  0000082c    00000068     driverlib.lib : interrupt.obj (.text:IntEnable)
                  00000894    00000060                   : timer.obj (.text:TimerConfigure)
                  000008f4    00000050     rtsv7M4_T_le_v4SPD16_eabi.lib : boot.obj (.text)
                  00000944    0000004c                                   : cpy_tbl.obj (.text)
                  00000990    00000044                                   : exit.obj (.text)
                  000009d4    00000034     driverlib.lib : sysctl.obj (.text:SysCtlPeripheralEnable)
                  00000a08    0000002a                   : gpio.obj (.text:GPIODirModeSet)
                  00000a32    00000018                   : gpio.obj (.text:GPIOPinTypeGPIOOutput)
                  00000a4a    00000002     --HOLE-- [fill = 0]
                  00000a4c    00000018     rtsv7M4_T_le_v4SPD16_eabi.lib : args_main.obj (.text)
                  00000a64    00000014                                   : _lock.obj (.text)
                  00000a78    00000012     driverlib.lib : timer.obj (.text:TimerLoadSet)
                  00000a8a    00000010                   : interrupt.obj (.text:IntMasterEnable)
                  00000a9a    0000000e                   : timer.obj (.text:TimerEnable)
                  00000aa8    0000000e     rtsv7M4_T_le_v4SPD16_eabi.lib : copy_decompress_none.obj (.text:decompress:none)
                  00000ab6    0000000c     driverlib.lib : cpu.obj (.text:CPUcpsie)
                  00000ac2    0000000c     tm4c123gh6pm_startup_ccs.obj (.text)
                  00000ace    00000008     driverlib.lib : timer.obj (.text:TimerIntEnable)
                  00000ad6    00000006                   : gpio.obj (.text:GPIOPinRead)
                  00000adc    00000006                   : gpio.obj (.text:GPIOPinWrite)
                  00000ae2    00000006                   : sysctl.obj (.text:SysCtlDelay)
                  00000ae8    00000006     rtsv7M4_T_le_v4SPD16_eabi.lib : copy_decompress_rle.obj (.text:decompress:rle24)
                  00000aee    00000004     driverlib.lib : timer.obj (.text:TimerIntClear)
                  00000af2    00000004     rtsv7M4_T_le_v4SPD16_eabi.lib : pre_init.obj (.text)

.const     0    00000af8    000000dc     
                  00000af8    00000070     driverlib.lib : interrupt.obj (.const)
                  00000b68    0000006c                   : sysctl.obj (.const:g_pui32Xtals)

.cinit     0    00000bd8    00000020     
                  00000bd8    0000000f     (.cinit..data.load) [load image, compression = rle]
                  00000be7    00000001     --HOLE-- [fill = 0]
                  00000be8    00000008     (__TI_handler_table)
                  00000bf0    00000008     (__TI_cinit_table)

.init_array 
*          0    00000000    00000000     UNINITIALIZED

.stack     0    20000000    00000200     UNINITIALIZED
                  20000000    00000200     --HOLE--

.data      0    20000200    00000014     UNINITIALIZED
                  20000200    00000008     rtsv7M4_T_le_v4SPD16_eabi.lib : _lock.obj (.data)
                  20000208    00000008                                   : exit.obj (.data)
                  20000210    00000004                                   : stkdepth_vars.obj (.data)

.TI.persistent 
*          0    20000200    00000000     UNINITIALIZED


LINKER GENERATED COPY TABLES

__TI_cinit_table @ 00000bf0 records: 1, size/record: 8, table size: 8
	.data: load addr=00000bd8, load size=0000000f bytes, run addr=20000200, run size=00000014 bytes, compression=rle


LINKER GENERATED HANDLER TABLE

__TI_handler_table @ 00000be8 records: 2, size/record: 4, table size: 8
	index: 0, handler: __TI_decompress_rle24
	index: 1, handler: __TI_decompress_none


GLOBAL SYMBOLS: SORTED ALPHABETICALLY BY Name 

address   name                    
-------   ----                    
00000991  C$$EXIT                 
00000ab7  CPUcpsie                
00000a09  GPIODirModeSet          
0000026d  GPIOPadConfigSet        
00000ad7  GPIOPinRead             
00000a33  GPIOPinTypeGPIOOutput   
00000add  GPIOPinWrite            
0000082d  IntEnable               
00000a8b  IntMasterEnable         
00000ac3  ResetISR                
UNDEFED   SHT$$INIT_ARRAY$$Base   
UNDEFED   SHT$$INIT_ARRAY$$Limit  
000003a1  SysCtlClockGet          
000004b1  SysCtlClockSet          
00000ae3  SysCtlDelay             
000009d5  SysCtlPeripheralEnable  
00000697  Timer0IntHandler        
00000895  TimerConfigure          
00000a9b  TimerEnable             
00000aef  TimerIntClear           
00000acf  TimerIntEnable          
00000a79  TimerLoadSet            
20000200  __STACK_END             
00000200  __STACK_SIZE            
20000200  __STACK_TOP             
00000bf0  __TI_CINIT_Base         
00000bf8  __TI_CINIT_Limit        
00000be8  __TI_Handler_Table_Base 
00000bf0  __TI_Handler_Table_Limit
00000755  __TI_auto_init          
20000208  __TI_cleanup_ptr        
00000aa9  __TI_decompress_none    
00000ae9  __TI_decompress_rle24   
2000020c  __TI_dtors_ptr          
00000000  __TI_static_base__      
000006d9  __aeabi_memclr          
000006d9  __aeabi_memclr4         
000006d9  __aeabi_memclr8         
000005a5  __aeabi_memcpy          
000005a5  __aeabi_memcpy4         
000005a5  __aeabi_memcpy8         
000006db  __aeabi_memset          
000006db  __aeabi_memset4         
000006db  __aeabi_memset8         
ffffffff  __binit__               
ffffffff  __c_args__              
20000000  __stack                 
00000a4d  _args_main              
000008f5  _c_int00                
20000200  _lock                   
00000a73  _nop                    
00000a6b  _register_lock          
00000a65  _register_unlock        
00000af3  _system_pre_init        
20000204  _unlock                 
00000995  abort                   
ffffffff  binit                   
00000945  copy_in                 
0000099d  exit                    
00000000  g_pfnVectors            
00000641  main                    
20000210  main_func_sp            
000005a5  memcpy                  
000006e1  memset                  


GLOBAL SYMBOLS: SORTED BY Symbol Address 

address   name                    
-------   ----                    
00000000  __TI_static_base__      
00000000  g_pfnVectors            
00000200  __STACK_SIZE            
0000026d  GPIOPadConfigSet        
000003a1  SysCtlClockGet          
000004b1  SysCtlClockSet          
000005a5  __aeabi_memcpy          
000005a5  __aeabi_memcpy4         
000005a5  __aeabi_memcpy8         
000005a5  memcpy                  
00000641  main                    
00000697  Timer0IntHandler        
000006d9  __aeabi_memclr          
000006d9  __aeabi_memclr4         
000006d9  __aeabi_memclr8         
000006db  __aeabi_memset          
000006db  __aeabi_memset4         
000006db  __aeabi_memset8         
000006e1  memset                  
00000755  __TI_auto_init          
0000082d  IntEnable               
00000895  TimerConfigure          
000008f5  _c_int00                
00000945  copy_in                 
00000991  C$$EXIT                 
00000995  abort                   
0000099d  exit                    
000009d5  SysCtlPeripheralEnable  
00000a09  GPIODirModeSet          
00000a33  GPIOPinTypeGPIOOutput   
00000a4d  _args_main              
00000a65  _register_unlock        
00000a6b  _register_lock          
00000a73  _nop                    
00000a79  TimerLoadSet            
00000a8b  IntMasterEnable         
00000a9b  TimerEnable             
00000aa9  __TI_decompress_none    
00000ab7  CPUcpsie                
00000ac3  ResetISR                
00000acf  TimerIntEnable          
00000ad7  GPIOPinRead             
00000add  GPIOPinWrite            
00000ae3  SysCtlDelay             
00000ae9  __TI_decompress_rle24   
00000aef  TimerIntClear           
00000af3  _system_pre_init        
00000be8  __TI_Handler_Table_Base 
00000bf0  __TI_CINIT_Base         
00000bf0  __TI_Handler_Table_Limit
00000bf8  __TI_CINIT_Limit        
20000000  __stack                 
20000200  __STACK_END             
20000200  __STACK_TOP             
20000200  _lock                   
20000204  _unlock                 
20000208  __TI_cleanup_ptr        
2000020c  __TI_dtors_ptr          
20000210  main_func_sp            
ffffffff  __binit__               
ffffffff  __c_args__              
ffffffff  binit                   
UNDEFED   SHT$$INIT_ARRAY$$Base   
UNDEFED   SHT$$INIT_ARRAY$$Limit  

[64 symbols]
